<UIView; frame = (0 0; 414 896); autoresize = W+H; layer = <CALayer>>
   | <UILabel; frame = (179 44; 56.3333 20.3333); text = 'What's'; userInteractionEnabled = NO; layer = <_UILabelLayer>>
   | <UILabel; frame = (0 443; 24.6667 20.3333); text = 'the'; userInteractionEnabled = NO; layer = <_UILabelLayer>>
   | <UILabel; frame = (375.333 443; 38.6667 20.3333); text = 'point'; userInteractionEnabled = NO; layer = <_UILabelLayer>>
   | <UILabel; frame = (203.333 844; 7.66667 18); text = '?'; userInteractionEnabled = NO; layer = <_UILabelLayer>>