<UIView; frame = (0 0; 375 667); autoresize = W+H; layer = <CALayer>>
   | <UILabel; frame = (159.333 20; 56.3333 20.3333); text = 'What's'; userInteractionEnabled = NO; layer = <_UILabelLayer>>
   | <UILabel; frame = (0 333.333; 24.6667 20.3333); text = 'the'; userInteractionEnabled = NO; layer = <_UILabelLayer>>
   | <UILabel; frame = (336.333 333.333; 38.6667 20.3333); text = 'point'; userInteractionEnabled = NO; layer = <_UILabelLayer>>
   | <UILabel; frame = (183.667 649; 7.66667 18); text = '?'; userInteractionEnabled = NO; layer = <_UILabelLayer>>