<UIView; frame = (0 0; 320 568); autoresize = W+H; layer = <CALayer>>
   | <UILabel; frame = (132 20; 56.3333 20.3333); text = 'What's'; userInteractionEnabled = NO; layer = <_UILabelLayer>>
   | <UILabel; frame = (0 284; 24.6667 20.3333); text = 'the'; userInteractionEnabled = NO; layer = <_UILabelLayer>>
   | <UILabel; frame = (281.333 284; 38.6667 20.3333); text = 'point'; userInteractionEnabled = NO; layer = <_UILabelLayer>>
   | <UILabel; frame = (156.333 550; 7.66667 18); text = '?'; userInteractionEnabled = NO; layer = <_UILabelLayer>>