<UIView; frame = (0 0; 414 736); autoresize = W+H; layer = <CALayer>>
   | <UILabel; frame = (179 20; 56.3333 20.3333); text = 'What's'; userInteractionEnabled = NO; layer = <_UILabelLayer>>
   | <UILabel; frame = (0 368; 24.6667 20.3333); text = 'the'; userInteractionEnabled = NO; layer = <_UILabelLayer>>
   | <UILabel; frame = (375.333 368; 38.6667 20.3333); text = 'point'; userInteractionEnabled = NO; layer = <_UILabelLayer>>
   | <UILabel; frame = (203.333 718; 7.66667 18); text = '?'; userInteractionEnabled = NO; layer = <_UILabelLayer>>