<UIView; frame = (0 0; 375 812); autoresize = W+H; layer = <CALayer>>
   | <UILabel; frame = (159.333 44; 56.3333 20.3333); text = 'What's'; userInteractionEnabled = NO; layer = <_UILabelLayer>>
   | <UILabel; frame = (0 401; 24.6667 20.3333); text = 'the'; userInteractionEnabled = NO; layer = <_UILabelLayer>>
   | <UILabel; frame = (336.333 401; 38.6667 20.3333); text = 'point'; userInteractionEnabled = NO; layer = <_UILabelLayer>>
   | <UILabel; frame = (183.667 760; 7.66667 18); text = '?'; userInteractionEnabled = NO; layer = <_UILabelLayer>>